{
  "version": "stage-a-oracle-3.9-v1",
  "splits": [
    "train",
    "validation"
  ],
  "shard_count": 2,
  "shard_index": 1,
  "holdout_opened": false,
  "particles": 5000,
  "totals": {
    "states": 409,
    "states_train": 358,
    "legal_actions": 3924,
    "disagreements": 337,
    "states_validation": 51
  },
  "runtime_seconds": 179.0,
  "runtime": {
    "p50": 0.40600000001722947,
    "p90": 0.5940000000409782,
    "p95": 0.671999999997206,
    "p99": 0.8863200000114746,
    "max": 0.9379999999655411
  },
  "regret": {
    "mean": 0.2515091053932245,
    "median": 0.30645290309782225,
    "p90": 0.5218492419716506,
    "p95": 0.5763750700289381,
    "gt_2pp": 297,
    "gt_5pp": 267,
    "gt_10pp": 246
  },
  "caveat": "Stage A is a 500-world learned-value screen; Stage B/C establish expensive labels for suspicious and random states."
}
