{
  "version": "stage-a-oracle-3.9-v1",
  "splits": [
    "train",
    "validation"
  ],
  "shard_count": 2,
  "shard_index": 0,
  "holdout_opened": false,
  "particles": 5000,
  "totals": {
    "states": 391,
    "states_validation": 53,
    "legal_actions": 3807,
    "disagreements": 307,
    "states_train": 338
  },
  "runtime_seconds": 175.18800000002375,
  "runtime": {
    "p50": 0.4220000000204891,
    "p90": 0.6089999999967404,
    "p95": 0.7189999999827705,
    "p99": 0.862099999998464,
    "max": 1.297000000020489
  },
  "regret": {
    "mean": 0.24168448983460777,
    "median": 0.28058596109579914,
    "p90": 0.5023501886430867,
    "p95": 0.5535615746719089,
    "gt_2pp": 269,
    "gt_5pp": 243,
    "gt_10pp": 223
  },
  "caveat": "Stage A is a 500-world learned-value screen; Stage B/C establish expensive labels for suspicious and random states."
}
